// Jest Snapshot v1, https://goo.gl/fbAQLP

exports[`ProfilePage renders correctly 1`] = `ShallowWrapper {}`;
