// Jest Snapshot v1, https://goo.gl/fbAQLP

exports[`InfoItem renders correctly 1`] = `ShallowWrapper {}`;

exports[`InfoItem renders correctly with array description 1`] = `ShallowWrapper {}`;
