// Jest Snapshot v1, https://goo.gl/fbAQLP

exports[`LogInPage renders correctly 1`] = `ShallowWrapper {}`;
