// Jest Snapshot v1, https://goo.gl/fbAQLP

exports[`Spacer renders correctly 1`] = `ShallowWrapper {}`;

exports[`Text renders correctly 1`] = `ShallowWrapper {}`;
