// Jest Snapshot v1, https://goo.gl/fbAQLP

exports[`LogInForm handles changes correctly 1`] = `ShallowWrapper {}`;

exports[`LogInForm renders correctly 1`] = `ShallowWrapper {}`;
