// Jest Snapshot v1, https://goo.gl/fbAQLP

exports[`ResultPage renders correctly 1`] = `ShallowWrapper {}`;
