// Jest Snapshot v1, https://goo.gl/fbAQLP

exports[`NavBar renders correctly 1`] = `ShallowWrapper {}`;

exports[`NavBar renders correctly after log in 1`] = `ShallowWrapper {}`;
